  Determining projects to restore...
  All projects are up-to-date for restore.
  AssociationManager.Shared -> C:\Users\Baska\source\repos\baskarkannappan\AssociationManagerV1_dev\AssociationManager.Shared\bin\Debug\net9.0\AssociationManager.Shared.dll
C:\Users\Baska\source\repos\baskarkannappan\AssociationManagerV1_dev\AssociationManager.Client\Layout\Explorer.razor(11,13): error RZ9980: Unclosed tag 'div' with no matching end tag. [C:\Users\Baska\source\repos\baskarkannappan\AssociationManagerV1_dev\AssociationManager.Client\AssociationManager.Client.csproj]
C:\Users\Baska\source\repos\baskarkannappan\AssociationManagerV1_dev\AssociationManager.Client\Layout\Explorer.razor(11,14): error RZ1025: The "div" element was not closed.  All elements must be either self-closing or have a matching end tag. [C:\Users\Baska\source\repos\baskarkannappan\AssociationManagerV1_dev\AssociationManager.Client\AssociationManager.Client.csproj]
C:\Users\Baska\source\repos\baskarkannappan\AssociationManagerV1_dev\AssociationManager.Client\Layout\Explorer.razor(56,17): error RZ9981: Unexpected closing tag 'AuthorizeView' with no matching start tag. [C:\Users\Baska\source\repos\baskarkannappan\AssociationManagerV1_dev\AssociationManager.Client\AssociationManager.Client.csproj]
C:\Users\Baska\source\repos\baskarkannappan\AssociationManagerV1_dev\AssociationManager.Client\Layout\Explorer.razor(56,19): error RZ1034: Found a malformed 'AuthorizeView' tag helper. Tag helpers must have a start and end tag or be self closing. [C:\Users\Baska\source\repos\baskarkannappan\AssociationManagerV1_dev\AssociationManager.Client\AssociationManager.Client.csproj]
C:\Users\Baska\source\repos\baskarkannappan\AssociationManagerV1_dev\AssociationManager.Client\Layout\Explorer.razor(129,13): error RZ9981: Unexpected closing tag 'div' with no matching start tag. [C:\Users\Baska\source\repos\baskarkannappan\AssociationManagerV1_dev\AssociationManager.Client\AssociationManager.Client.csproj]
C:\Users\Baska\source\repos\baskarkannappan\AssociationManagerV1_dev\AssociationManager.Client\Layout\Explorer.razor(129,15): error RZ1026: Encountered end tag "div" with no matching start tag.  Are your start/end tags properly balanced? [C:\Users\Baska\source\repos\baskarkannappan\AssociationManagerV1_dev\AssociationManager.Client\AssociationManager.Client.csproj]
C:\Users\Baska\source\repos\baskarkannappan\AssociationManagerV1_dev\AssociationManager.Client\Pages\FinanceReports.razor(235,24): error CS0029: Cannot implicitly convert type 'System.Collections.Generic.List<double>' to 'System.Collections.Generic.List<double?>' [C:\Users\Baska\source\repos\baskarkannappan\AssociationManagerV1_dev\AssociationManager.Client\AssociationManager.Client.csproj]
C:\Users\Baska\source\repos\baskarkannappan\AssociationManagerV1_dev\AssociationManager.Client\Pages\FinanceReports.razor(238,31): error CS0029: Cannot implicitly convert type 'int' to 'System.Collections.Generic.List<double>' [C:\Users\Baska\source\repos\baskarkannappan\AssociationManagerV1_dev\AssociationManager.Client\AssociationManager.Client.csproj]
C:\Users\Baska\source\repos\baskarkannappan\AssociationManagerV1_dev\AssociationManager.Client\Pages\FinanceReports.razor(258,24): error CS0029: Cannot implicitly convert type 'System.Collections.Generic.List<double>' to 'System.Collections.Generic.List<double?>' [C:\Users\Baska\source\repos\baskarkannappan\AssociationManagerV1_dev\AssociationManager.Client\AssociationManager.Client.csproj]
C:\Users\Baska\source\repos\baskarkannappan\AssociationManagerV1_dev\AssociationManager.Client\Pages\FinanceReports.razor(259,35): error CS0029: Cannot implicitly convert type 'System.Collections.Generic.List<string>' to 'string' [C:\Users\Baska\source\repos\baskarkannappan\AssociationManagerV1_dev\AssociationManager.Client\AssociationManager.Client.csproj]
C:\Users\Baska\source\repos\baskarkannappan\AssociationManagerV1_dev\AssociationManager.Client\Pages\FinanceReports.razor(260,31): error CS0029: Cannot implicitly convert type 'System.Collections.Generic.List<string>' to 'string' [C:\Users\Baska\source\repos\baskarkannappan\AssociationManagerV1_dev\AssociationManager.Client\AssociationManager.Client.csproj]
C:\Users\Baska\source\repos\baskarkannappan\AssociationManagerV1_dev\AssociationManager.Client\Pages\FinanceReports.razor(263,31): error CS0029: Cannot implicitly convert type 'int' to 'System.Collections.Generic.List<double>' [C:\Users\Baska\source\repos\baskarkannappan\AssociationManagerV1_dev\AssociationManager.Client\AssociationManager.Client.csproj]
C:\Users\Baska\source\repos\baskarkannappan\AssociationManagerV1_dev\AssociationManager.Client\Pages\FinanceReports.razor(269,24): error CS0029: Cannot implicitly convert type 'System.Collections.Generic.List<double>' to 'System.Collections.Generic.List<double?>' [C:\Users\Baska\source\repos\baskarkannappan\AssociationManagerV1_dev\AssociationManager.Client\AssociationManager.Client.csproj]
C:\Users\Baska\source\repos\baskarkannappan\AssociationManagerV1_dev\AssociationManager.Client\Pages\FinanceReports.razor(270,35): error CS0029: Cannot implicitly convert type 'System.Collections.Generic.List<string>' to 'string' [C:\Users\Baska\source\repos\baskarkannappan\AssociationManagerV1_dev\AssociationManager.Client\AssociationManager.Client.csproj]
C:\Users\Baska\source\repos\baskarkannappan\AssociationManagerV1_dev\AssociationManager.Client\Pages\FinanceReports.razor(271,31): error CS0029: Cannot implicitly convert type 'System.Collections.Generic.List<string>' to 'string' [C:\Users\Baska\source\repos\baskarkannappan\AssociationManagerV1_dev\AssociationManager.Client\AssociationManager.Client.csproj]
C:\Users\Baska\source\repos\baskarkannappan\AssociationManagerV1_dev\AssociationManager.Client\Pages\FinanceReports.razor(274,31): error CS0029: Cannot implicitly convert type 'int' to 'System.Collections.Generic.List<double>' [C:\Users\Baska\source\repos\baskarkannappan\AssociationManagerV1_dev\AssociationManager.Client\AssociationManager.Client.csproj]

Build FAILED.

C:\Users\Baska\source\repos\baskarkannappan\AssociationManagerV1_dev\AssociationManager.Client\Layout\Explorer.razor(11,13): error RZ9980: Unclosed tag 'div' with no matching end tag. [C:\Users\Baska\source\repos\baskarkannappan\AssociationManagerV1_dev\AssociationManager.Client\AssociationManager.Client.csproj]
C:\Users\Baska\source\repos\baskarkannappan\AssociationManagerV1_dev\AssociationManager.Client\Layout\Explorer.razor(11,14): error RZ1025: The "div" element was not closed.  All elements must be either self-closing or have a matching end tag. [C:\Users\Baska\source\repos\baskarkannappan\AssociationManagerV1_dev\AssociationManager.Client\AssociationManager.Client.csproj]
C:\Users\Baska\source\repos\baskarkannappan\AssociationManagerV1_dev\AssociationManager.Client\Layout\Explorer.razor(56,17): error RZ9981: Unexpected closing tag 'AuthorizeView' with no matching start tag. [C:\Users\Baska\source\repos\baskarkannappan\AssociationManagerV1_dev\AssociationManager.Client\AssociationManager.Client.csproj]
C:\Users\Baska\source\repos\baskarkannappan\AssociationManagerV1_dev\AssociationManager.Client\Layout\Explorer.razor(56,19): error RZ1034: Found a malformed 'AuthorizeView' tag helper. Tag helpers must have a start and end tag or be self closing. [C:\Users\Baska\source\repos\baskarkannappan\AssociationManagerV1_dev\AssociationManager.Client\AssociationManager.Client.csproj]
C:\Users\Baska\source\repos\baskarkannappan\AssociationManagerV1_dev\AssociationManager.Client\Layout\Explorer.razor(129,13): error RZ9981: Unexpected closing tag 'div' with no matching start tag. [C:\Users\Baska\source\repos\baskarkannappan\AssociationManagerV1_dev\AssociationManager.Client\AssociationManager.Client.csproj]
C:\Users\Baska\source\repos\baskarkannappan\AssociationManagerV1_dev\AssociationManager.Client\Layout\Explorer.razor(129,15): error RZ1026: Encountered end tag "div" with no matching start tag.  Are your start/end tags properly balanced? [C:\Users\Baska\source\repos\baskarkannappan\AssociationManagerV1_dev\AssociationManager.Client\AssociationManager.Client.csproj]
C:\Users\Baska\source\repos\baskarkannappan\AssociationManagerV1_dev\AssociationManager.Client\Pages\FinanceReports.razor(235,24): error CS0029: Cannot implicitly convert type 'System.Collections.Generic.List<double>' to 'System.Collections.Generic.List<double?>' [C:\Users\Baska\source\repos\baskarkannappan\AssociationManagerV1_dev\AssociationManager.Client\AssociationManager.Client.csproj]
C:\Users\Baska\source\repos\baskarkannappan\AssociationManagerV1_dev\AssociationManager.Client\Pages\FinanceReports.razor(238,31): error CS0029: Cannot implicitly convert type 'int' to 'System.Collections.Generic.List<double>' [C:\Users\Baska\source\repos\baskarkannappan\AssociationManagerV1_dev\AssociationManager.Client\AssociationManager.Client.csproj]
C:\Users\Baska\source\repos\baskarkannappan\AssociationManagerV1_dev\AssociationManager.Client\Pages\FinanceReports.razor(258,24): error CS0029: Cannot implicitly convert type 'System.Collections.Generic.List<double>' to 'System.Collections.Generic.List<double?>' [C:\Users\Baska\source\repos\baskarkannappan\AssociationManagerV1_dev\AssociationManager.Client\AssociationManager.Client.csproj]
C:\Users\Baska\source\repos\baskarkannappan\AssociationManagerV1_dev\AssociationManager.Client\Pages\FinanceReports.razor(259,35): error CS0029: Cannot implicitly convert type 'System.Collections.Generic.List<string>' to 'string' [C:\Users\Baska\source\repos\baskarkannappan\AssociationManagerV1_dev\AssociationManager.Client\AssociationManager.Client.csproj]
C:\Users\Baska\source\repos\baskarkannappan\AssociationManagerV1_dev\AssociationManager.Client\Pages\FinanceReports.razor(260,31): error CS0029: Cannot implicitly convert type 'System.Collections.Generic.List<string>' to 'string' [C:\Users\Baska\source\repos\baskarkannappan\AssociationManagerV1_dev\AssociationManager.Client\AssociationManager.Client.csproj]
C:\Users\Baska\source\repos\baskarkannappan\AssociationManagerV1_dev\AssociationManager.Client\Pages\FinanceReports.razor(263,31): error CS0029: Cannot implicitly convert type 'int' to 'System.Collections.Generic.List<double>' [C:\Users\Baska\source\repos\baskarkannappan\AssociationManagerV1_dev\AssociationManager.Client\AssociationManager.Client.csproj]
C:\Users\Baska\source\repos\baskarkannappan\AssociationManagerV1_dev\AssociationManager.Client\Pages\FinanceReports.razor(269,24): error CS0029: Cannot implicitly convert type 'System.Collections.Generic.List<double>' to 'System.Collections.Generic.List<double?>' [C:\Users\Baska\source\repos\baskarkannappan\AssociationManagerV1_dev\AssociationManager.Client\AssociationManager.Client.csproj]
C:\Users\Baska\source\repos\baskarkannappan\AssociationManagerV1_dev\AssociationManager.Client\Pages\FinanceReports.razor(270,35): error CS0029: Cannot implicitly convert type 'System.Collections.Generic.List<string>' to 'string' [C:\Users\Baska\source\repos\baskarkannappan\AssociationManagerV1_dev\AssociationManager.Client\AssociationManager.Client.csproj]
C:\Users\Baska\source\repos\baskarkannappan\AssociationManagerV1_dev\AssociationManager.Client\Pages\FinanceReports.razor(271,31): error CS0029: Cannot implicitly convert type 'System.Collections.Generic.List<string>' to 'string' [C:\Users\Baska\source\repos\baskarkannappan\AssociationManagerV1_dev\AssociationManager.Client\AssociationManager.Client.csproj]
C:\Users\Baska\source\repos\baskarkannappan\AssociationManagerV1_dev\AssociationManager.Client\Pages\FinanceReports.razor(274,31): error CS0029: Cannot implicitly convert type 'int' to 'System.Collections.Generic.List<double>' [C:\Users\Baska\source\repos\baskarkannappan\AssociationManagerV1_dev\AssociationManager.Client\AssociationManager.Client.csproj]
    0 Warning(s)
    16 Error(s)

Time Elapsed 00:00:04.54
